2026-01-05T20:51:34.102702800 : User Created successfully with ID: U1001
2026-01-05T20:51:48.194378300 : User Created successfully with ID: U1002
2026-01-05T20:52:02.152749900 : Account created successfully: A5001
2026-01-05T20:52:02.153750900 : Account created successfully: A5002
2026-01-05T20:52:08.640525600 : Deposited 2000.0into account A5001
2026-01-05T20:52:11.959480700 : Deposited 1000.0into account A5002
2026-01-05T20:52:39.877230300 : Withdrawn 500.0from account A5001
2026-01-05T20:52:39.878518 : Deposited 500.0into account A5002
2026-01-05T20:52:39.886593500 : Transfer successful: A9001
2026-01-05T20:54:22.047890400 : Failed to create user: Invalid name
2026-01-05T20:54:38.355329500 : User Created successfully with ID: U1001
2026-01-05T20:55:00.350955200 : User Created successfully with ID: U1001
2026-01-05T20:55:07.669731600 : User Created successfully with ID: U1002
2026-01-05T20:55:13.351000700 : Account created successfully: A5001
2026-01-05T20:55:13.352002300 : Account created successfully: A5002
2026-01-05T20:55:18.199852800 : Deposited 2000.0into account A5001
2026-01-05T20:55:20.162319500 : Deposited 1000.0into account A5002
2026-01-05T20:55:26.098247300 : Withdrawn 500.0from account A5001
2026-01-05T20:55:26.099234900 : Deposited 500.0into account A5002
2026-01-05T20:55:26.107664800 : Transfer successful: A9001
2026-01-05T21:01:33.964186 : User Created successfully with ID: U1001
2026-01-05T21:02:26.032248900 : User Created successfully with ID: U1001
2026-01-05T21:02:33.199781400 : User Created successfully with ID: U1002
2026-01-05T21:02:38.797857400 : Account created successfully: A5001
2026-01-05T21:02:38.799035500 : Account created successfully: A5002
2026-01-05T21:02:51.006017200 : Deposited 1000.0into account A5001
2026-01-05T21:03:00.695600500 : Deposited 500.0into account A5002
2026-01-05T21:03:41.999710200 : Withdrawn 500.0from account A5001
2026-01-05T21:03:41.999710200 : Deposited 500.0into account A5002
2026-01-05T21:03:42.009824400 : Transfer successful: A9001
2026-01-05T21:04:34.664493600 : User Created successfully with ID: U1001
2026-01-05T21:04:41.022038800 : User Created successfully with ID: U1002
2026-01-05T21:04:47.018622200 : Account created successfully: A5001
2026-01-05T21:04:47.018622200 : Account created successfully: A5002
2026-01-05T21:04:50.252066300 : Deposited 3000.0into account A5001
2026-01-05T21:04:52.770103600 : Deposited 1000.0into account A5002
2026-01-05T21:04:56.902475300 : Withdrawn 2500.0from account A5001
2026-01-05T21:04:56.903476700 : Deposited 2500.0into account A5002
2026-01-05T21:04:56.911620100 : Transfer successful: A9001
